[   0.00000] Linuversion 4.15.0-91-generic (buildd@lgw01-amd64-013) (gcc version 7.4.0 (Ubuntu 7.4.0-1ubuntu1~18.04.1)) #92-Ubuntu SMP Fri Feb 28 11:09:48 UTC 2020 (Ubuntu 4.15.0-91.92-generic 4.15.18)
[    0.00000] Commnd line: BOOIMAGEboot/vliuz-4.150-91-generic root=UUID=8dfb92c0-c4f5-454a-95e4-5f3e53ce3d2d ro console=tty1 console=ttyS0
[    0.000000] KERNEL supported cpus:
[   0.000000]   Intel GenuineIntel
[    0.000000   AMAuthenticAMD
[    0.00000   Cntau Centauauls
[    0.000000] x86/fpu: Supporting XSAVE feature 0x001: 'x87 floating point registers'
[    0.000000] x86/fpu: Supporting XSAVE feature 0x002: 'SSE registers'
[    0.000000] x86/fpu: Spprting XSAVE featurex004 'VX gister'
[  0.000000x86/fpu: state_offset[2]:  576, xstate_sizes[2: 256
[    0.000000] x86/fpu: Enabled xstate features 0x7, context size is 832 bytes, using 'standard' format.
[    0.000000] e820: BIOS-provided physical RAM map:
[    0.000000] BIOS-e820: [mem 0x0000000000000000-0x000000000009fbff] usable
[    0.000000] BIOS-e820: [mem 0x000000000009fc00-0x000000000009ffff] reserved
[    0.000000] BIOS-e820: [em 0x000000000f00000x00000000ffff] reserved
[   0.0000] BIS-e820 [em 0x000000000000-0x000000003ffeffff] usable
[    0.000000]BIS-e820: [mem 0x000000003ff00000x0000003fffffff] ACPI data
[   0.000000] BIOS-e820: [mem 0x00000000fec000-0x00000000fec00fff] rerved
[    0.000000] BIOS-e820: [mem 0x00000000fee00000-0x00000000fee00fff] reserved
[    0.000000] BIOS-e820: [mem 0x00000000fffc0000-0x00000000ffffffff] reserved
[    0.000000] NX (Execute Disable) protection: active
[    0.000000] SMBIOS 2.5 present.
[    0.000000] DMI: innotek GmbH VirtualBox/VirtualBox, BIOS VirtualBox 12/01/2006
[    0.000000] Hypervisor detected: KVM
[    0.000000] e820: last_pfn = 0x3fff0 max_arch_pfn = 0x400000000
[   0000000MTRR Dsabled
[  0.000000] x86/PAT: MTRRs disabled, kiping PAT initialization too.
[    0.000000] CPU MTRRs all blank - virtualized system.
[    0.00000] x86/PAT: Configuration [0-7]: WB  WT  UC- UC  WB  WT  UC- UC  
[    0.000000] found SMP MP-table at [mem 0x0009fff0-0x0009ffff]
[    0.000000] Scanning 1 areas for low memory corruption
[    0.000000] RAMDISK: [mem 0x35965000-0x36ca9fff]
[    0.000000] ACPI: Eay table checksum verification disabled
[    0.000000] ACPI: RSDP 0x000000000E00000002(v02 VBO  
[  0.0000] AI: XSDT 0x00000003FFF0030 0003C (v01 VBOX  VBOXSD 000001 AS 000061)
[    0.0000ACPI: FACP 0x000000003FFF00F0 0000F4 (v04 VBOX   VBOXFACP 00000001 ASL  00000061)
[    0.000000] ACPI: DSDT 0x000000003FFF0470 0021FF (v02 VBOX   VBOXBIOS 00000002 INTL 20100528)
[   0000000] ACPI: FACS 0x000000003FFF0200 000040
[    0.000000] ACPI: FACS 0x0000003FFF0200 000040
[    0.000000] ACPI: APIC 0x00000003FF020 0005C(v02 VBO  VBOXAPIC 00000001 ASL  000061
[  0.0000] ACPI: SSDT 0x000000003FFF02A0 0001CC (v1 BOX  BOXCPUT 00002 NTL 01052)
[   0.000000] o UMA configurtionfond
[   0.000000] akin a nde at [m 0x0000000000000000-0x000000003ffeffff]
[    0.000000] NODE_DATA(0) allocated [mem 0x3ffc5000-0x3ffeffff]
[    0000000] kvm-cloc: pu 0, msr 03ff400, riary puclo
[    0.000000] kvm-clock Using msrs 4b564d01 and 4b564d00
[    0.000000] kvm-clock: using sched offset of 4692968 cycles
[    0.000000] clocksourcekvm-clok:mask: 0ffffffffffffff max_yces:x1cd4e4dffb, max_dl_ns: 881905948 ns
[  0.0000] Zneranges
[    0.0000]  DM      [em0x000000000000-0x0000000000ffffff]
[   0.0000]   DMA2   [m 0x00000001000000x0000003ffeffff]
[    0.000000]   Normal   empty
[    0.000000]   Device   empty
[    0.00000] Movale zone start for each node
[    0.000000] Early memory node ranges
[    0.0000]   node   0: [mem 0x0000000000001000-0x000000000009efff]
[    0.000000]   node   0 [me0x000000000010000-0x00000003ffeffff]
[    0.000000 Reserved bt navailable: 98 pages
[    0.00000]nitmem setup nde 0 [mem 0x0000000000100-000000003fffff]
[  0.00000] ACPI: PM-Timer IO Port 0x408
[    0.000000] IOAPIC[0]: apic_id 2, version 32, address 0xfec00000, GSI -23
[    .00000]ACI: INT_SRC_OR (us0 bus_irq0 global_rq2 dfl df)
[    000000] AI: IN_SC_OVR (bus 0 bus_irq 9 global_irq 9 low level)
[    0.000000] Using ACPI (MADT) for SMP configuration information
[    0.000000] smpboot: Allowing 2 CPUs, 0 hotplug CPUs
[    0.000000] PM: Registered nosave memory: [mem 0x00000000-0x00000fff]
[    .000000PM: Registere nosvememory: mem 0009f00-00009ffff]
[    0.000000] PM: Registere nosave memory: [em 0x000a0000-0x00ffff]
[   0.000000] PM: Registered nosave memory: [mem 0x000f0000-0x000fffff]
[    0.000000] e820: [mem 0x40000000-0xfebfffff] available for PCI devices
[    0.000000] Booting paravirtualized kernel on KVM
[    0.000000] loksour: refed-jiffies:ask: 0xffffff max_cycles: 0fffffff, ma_ile_ns:64551960021568 ns
[  0.000000] andom: get_randm_bytes called from start_kernel+0x99/0x4fd with crng_init=0
[    0.000000] setup_percpu: NR_CPUS:8192 nr_cpumask_bits:2 nr_cpu_ids:2 nr_node_ids:1
[    0.000000 percp: Embedde 4 page/cpu s147456 r8192 d28672 u108576
[   0.000000] PV qspinlock hash table entries: 256 (rder:, 4096 ytes
    0.000000] Built 1 zonelists, mobility grouping on.  Total pages: 257913
[    0.000000] Policy zone: DMA32
[    0.000000] Kernel command line: BOOT_IMAGE=/boot/vmlinuz-4.15.0-91-genericoot=UD=8df2c0-c4f5-454a-5e4-5f3e3ce3dd o console=tty1 console=ttyS0
[    0.000000] Memory: 982536K/1048120K available (12300K kernel code, 2481K rwdata, 4264K rodata, 2432K init, 2712K bss, 65584K reserved, 0K cma-reserved)
[    0.000000] SLUB: HWalign=64, Order=0-3, MinObjects=0, CPUs=2, Nodes=1
[    0.000000] Kernel/User pge tables isolaion: ebled[   000000 ftrce allocating39347 entries in 54 pges
    0.0400] iearhial RCU impementation.
[    0.004000] 	RCU restricting CPUs from NR_CPUS=8192 tonr_cpuid=2.
[    0.0400] 	Tasks RCU enabled.
[    0.004000] CU Adjstng gomtry for rcu_fanot_eaf=16 n_cp_is=2
[   000000] N_IQS: 2444, r_rqs: 40,preallocte irq: 16
[    0.04000]Cosole: colour VGA+ 80x25
[    0.004000] console [tty1] enabled
[    0.004000] console [ttyS0] enabled
[    0.004000] ACPI: Core revision 20170831
[    0.004000] ACPI: 2 ACPI AML tables successfully acquired and loaded
[    0.004000] APIC: Switch to symmetric I/O mode setup
[    0.004000] x2apic enabled
[    0.004000] Switched APIC routing to physical x2apic.
[    0.005049] ..TIMER: vector=0x30 apic1=0 pin1=2 apic2=-1 pin2=-1
[    0.008004] tsc: Detected 2700.000 MHz processor
[    0.012012] Calibrating delay loop (skipped) preset value.. 5400.00 BogoMIPS (lpj=10800000)
[    0.016007] pid_max: default: 32768 minimum: 301
[    0.020038] Security Framework initialized
[    0.024006] Yama: becoming mindful.
[    0.028033] AppArmor: AppArmor initialized
[    0.034502] Dentry cache hash table entries: 131072 (order: 8, 1048576 bytes)
[    0.036133] Inode-cache hash table entries: 65536 (order: 7, 524288 bytes)
[    0.040088] Mount-cache hash table entries: 2048 (order: 2, 16384 bytes)
[    0.044023] Mountpoint-cache hash table entries: 2048 (order: 2, 16384 bytes)
[    0.048260] Last level iTLB entries: 4KB 64, 2MB 8, 4MB 8
[    0.052007] Last level dTLB entries: 4KB 64, 2MB 0, 4MB 0, 1GB 4
[    0.056006] Spectre V1 : Mitigation: usercopy/swapgs barriers and __user pointer sanitization
[    0.060006] Spectre V2 : Mitigation: Full generic retpoline
[    0.064004] Spectre V2 : Spectre v2 / SpectreRSB mitigation: Filling RSB on context switch
[    0.068006] Speculative Store Bypass: Vulnerable
[    0.072043] MDS: Vulnerable: Clear CPU buffers attempted, no microcode
[    0.074184] Freeing SMP alternatives memory: 36K
[    0.188236] smpboot: CPU0: Intel(R) Core(TM) i5-5257U CPU @ 2.70GHz (family: 0x6, model: 0x3d, stepping: 0x4)
[    0.192104] Performance Events: unsupported p6 CPU model 61 no PMU driver, software events only.
[    0.196076] Hierarchical SRCU implementation.
[    0.204609] NMI watchdog: Perf event create on CPU 0 failed with -2
[    0.208006] NMI watchdog: Perf NMI watchdog permanently disabled
[    0.212085] smp: Bringing up secondary CPUs ...
[    0.213647] x86: Booting SMP configuration:
[    0.216008] .... node  #0, CPUs:      #1
[    0.004000] kvm-clock: cpu 1, msr 0:3ff44041, secondary cpu clock
[    0.238204] smp: Brought up 1 node, 2 CPUs
[    0.240014] smpboot: Max logical packages: 1
[    0.244012] smpboot: Total of 2 processors activated (10800.00 BogoMIPS)
[    0.248530] devtmpfs: initialized
[    0.252095] x86/mm: Memory block size: 128MB
[    0.256247] evm: security.selinux
[    0.260018] evm: security.SMACK64
[    0.264023] evm: security.SMACK64EXEC
[    0.268005] evm: security.SMACK64TRANSMUTE
[    0.272003] evm: security.SMACK64MMAP
[    0.273227] evm: security.apparmor
[    0.276008] evm: security.ima
[    0.280006] evm: security.capability
[    0.288111] clocksource: jiffies: mask: 0xffffffff max_cycles: 0xffffffff, max_idle_ns: 7645041785100000 ns
[    0.292014] futex hash table entries: 512 (order: 3, 32768 bytes)
[    0.297730] pinctrl core: initialized pinctrl subsystem
[    0.300115] RTC time:  3:54:34, date: 04/03/20
[    0.304235] NET: Registered protocol family 16
[    0.308086] audit: initializing netlink subsys (disabled)
[    0.312045] audit: type=2000 audit(1585886065.308:1): state=initialized audit_enabled=0 res=1
[    0.464013] cpuidle: using governor ladder
[    0.468019] cpuidle: using governor menu
[    0.472054] ACPI: bus type PCI registered
[    0.474443] acpiphp: ACPI Hot Plug PCI Controller Driver version: 0.5
[    0.476130] PCI: Using configuration type 1 for base access
[    0.484052] HugeTLB registered 2.00 MiB page size, pre-allocated 0 pages
[    0.488110] ACPI: Added _OSI(Module Device)
[    0.492013] ACPI: Added _OSI(Processor Device)
[    0.496008] ACPI: Added _OSI(3.0 _SCP Extensions)
[    0.500006] ACPI: Added _OSI(Processor Aggregator Device)
[    0.504028] ACPI: Added _OSI(Linux-Dell-Video)
[    0.508004] ACPI: Added _OSI(Linux-Lenovo-NV-HDMI-Audio)
[    0.512007] ACPI: Added _OSI(Linux-HPI-Hybrid-Graphics)
[    0.516540] ACPI: Executed 1 blocks of module-level executable AML code
[    0.527108] ACPI: Interpreter enabled
[    0.528036] ACPI: (supports S0 S5)
[    0.532008] ACPI: Using IOAPIC for interrupt routing
[    0.536682] PCI: Using host bridge windows from ACPI; if necessary, use "pci=nocrs" and report a bug
[    0.540450] ACPI: Enabled 2 GPEs in block 00 to 07
[    0.556822] ACPI: PCI Root Bridge [PCI0] (domain 0000 [bus 00-ff])
[    0.560021] acpi PNP0A03:00: _OSC: OS supports [ASPM ClockPM Segments MSI]
[    0.564050] acpi PNP0A03:00: _OSC: not requesting OS control; OS requires [ExtendedConfig ASPM ClockPM MSI]
[    0.568016] acpi PNP0A03:00: fail to add MMCONFIG information, can't access extended PCI configuration space under this bridge.
[    0.572736] PCI host bridge to bus 0000:00
[    0.576010] pci_bus 0000:00: root bus resource [io  0x0000-0x0cf7 window]
[    0.580004] pci_bus 0000:00: root bus resource [io  0x0d00-0xffff window]
[    0.584003] pci_bus 0000:00: root bus resource [mem 0x000a0000-0x000bffff window]
[    0.588009] pci_bus 0000:00: root bus resource [mem 0x40000000-0xfdffffff window]
[    0.592004] pci_bus 0000:00: root bus resource [bus 00-ff]
[    0.600741] pci 0000:00:01.1: legacy IDE quirk: reg 0x10: [io  0x01f0-0x01f7]
[    0.604008] pci 0000:00:01.1: legacy IDE quirk: reg 0x14: [io  0x03f6]
[    0.608004] pci 0000:00:01.1: legacy IDE quirk: reg 0x18: [io  0x0170-0x0177]
[    0.612006] pci 0000:00:01.1: legacy IDE quirk: reg 0x1c: [io  0x0376]
[    0.640867] pci 0000:00:07.0: quirk: [io  0x4000-0x403f] claimed by PIIX4 ACPI
[    0.644034] pci 0000:00:07.0: quirk: [io  0x4100-0x410f] claimed by PIIX4 SMB
[    0.667446] ACPI: PCI Interrupt Link [LNKA] (IRQs 5 9 10 *11)
[    0.668608] ACPI: PCI Interrupt Link [LNKB] (IRQs 5 9 *10 11)
[    0.676097] ACPI: PCI Interrupt Link [LNKC] (IRQs 5 *9 10 11)
[    0.678017] ACPI: PCI Interrupt Link [LNKD] (IRQs 5 9 10 *11)
[    0.680411] SCSI subsystem initialized
[    0.681349] pci 0000:00:02.0: vgaarb: setting as boot VGA device
[    0.684000] pci 0000:00:02.0: vgaarb: VGA device added: decodes=io+mem,owns=io+mem,locks=none
[    0.684011] pci 0000:00:02.0: vgaarb: bridge control possible
[    0.688005] vgaarb: loaded
[    0.688943] ACPI: bus type USB registered
[    0.692030] usbcore: registered new interface driver usbfs
[    0.696019] usbcore: registered new interface driver hub
[    0.700035] usbcore: registered new device driver usb
[    0.704084] EDAC MC: Ver: 3.0.0
[    0.708344] PCI: Using ACPI for IRQ routing
[    0.712397] NetLabel: Initializing
[    0.716003] NetLabel:  domain hash size = 128
[    0.720006] NetLabel:  protocols = UNLABELED CIPSOv4 CALIPSO
[    0.724035] NetLabel:  unlabeled traffic allowed by default
[    0.728109]  locksource: Switched to clocksource kvm-clock
[   07806VF Disk quoasqu_6.0
[    1.208691] VFS: Dqut-chha tlentes51(oer, 96yt)
[   .8984] ApAorAprm FesteEnle
[  2511]npPnAC it  2.444] pnp:PnAC: un3 vis
[  3712]losoceac_p mk:xfffmacycles: 0xffffff, m_idl_ns: 20701024 ns
[   4.182 N: gier ptol mi 2
[    7407TCesblshd shab eries: 8192 (order: 4, 65536 bytes)
[    5.234049] TCP bind hash table entries: 8192 (order: 5, 131072 bytes)
[   5.2382 T: shabs nfur (taisd 92in81)
[  6193]DPastae tris:51(ode 2 184yt)    6.771190] DPLie hah able entries: 512 (order: 2, 16384 bytes
[  70753 NT:egted rocofamily 1
[  74916 p 00::00:imindiect CICIrasfs
[    8.225747] pci 0000001. AivinISDM hngworarnd

[   8.071]pci0000:00:02.0:Video devcewih haowd M t [m 00000-000ff
[    5598Uncking itams.
[   10.196307] Freeing initrd memory: 19732K
[   10.272778] clocksource: tsc: mask: 0xffffffffffffffff max_cycles: 0x26eb3e3cc63, max_idle_ns: 440795236593 ns
[   10.363952] platform rtc_cmos: registered platform RTC device (no PNP device found)
[   10.504162] Scanning for low memory corruption every 60 seconds
[   10.643231] Initialise system trusted keyrings
[   10.680464] Key type blacklist registered
[   10.732519] workingset: timestamp_bits=36 max_order=18 bucket_order=0
[   10.817511] zbud: loaded
[   10.848885] squashfs: version 4.0 (2009/01/31) Phillip Lougher
[   10.870370] fuse init (API version 7.26)
[   10.934715] Key type asymmetric registered
[   10.970328] Asymmetric key parser 'x509' registered
[   11.040419] Block layer SCSI generic (bsg) driver version 0.4 loaded (major 246)
[   11.131513] io scheduler noop registered
[   11.146846] io scheduler deadline registered
[   11.167874] io scheduler cfq registered (default)
[   11.221200] ACPI: AC Adapter [AC] (off-line)
[   11.273009] input: Power Button as /devices/LNXSYSTM:00/LNXPWRBN:00/input/input0
[   11.372810] ACPI: Power Button [PWRF]
[   11.420736] input: Sleep Button as /devices/LNXSYSTM:00/LNXSLPBN:00/input/input1
[   11.512161] ACPI: Sleep Button [SLPF]
[   11.570617] Serial: 8250/16550 driver, 32 ports, IRQ sharing enabled
[   11.571815] ACPI: Battery Slot [BAT0] (battery present)
[   11.908433] 00:02: ttyS0 at I/O 0x3f8 (irq = 4, base_baud = 115200) is a 16550A
[   12.011725] Linux agpgart interface v0.103
[   12.071991] loop: module loaded
[   12.100521] scsi host0: ata_piix
[   12.134267] scsi host1: ata_piix
[   12.162578] ata1: PATA max UDMA/33 cmd 0x1f0 ctl 0x3f6 bmdma 0xd000 irq 14
[   12.164762] ata2: PATA max UDMA/33 cmd 0x170 ctl 0x376 bmdma 0xd008 irq 15
[   12.167009] libphy: Fixed MDIO Bus: probed
[   12.169472] tun: Universal TUN/TAP device driver, 1.6
[   12.171114] PPP generic driver version 2.4.2
[   12.236731] ehci_hcd: USB 2.0 'Enhanced' Host Controller (EHCI) Driver
[   12.342307] ehci-pci: EHCI PCI platform driver
[   12.462581] ehci-platform: EHCI generic platform driver
[   12.479221] ohci_hcd: USB 1.1 'Open' Host Controller (OHCI) Driver
[   12.481183] ohci-pci: OHCI PCI platform driver
[   12.491393] ohci-platform: OHCI generic platform driver
[   12.557895] uhci_hcd: USB Universal Host Controller Interface driver
[   12.669293] i8042: PNP: PS/2 Controller [PNP0303:PS2K,PNP0f03:PS2M] at 0x60,0x64 irq 1,12
[   .871 sio i8042KBpo a 0x0,0x64ir1
[  13.330234] sri i42UXpo a0x,04 q 
  3.464]mousevPS2 ou dic cmmon or all mice

[   14.358296] rtc_cmos rtc_cmos: rtc core: registered rtc_cmos as rtc0
[   14.413391] rtc_cmos rtc_cmos: alarms up to one day, 114 bytes nvram
[   14.501539] i2c /dev entries driver
[   14.591466] device-mapper: uevent: version 1.0.3
[   4.14] np:  TnsteSe2 keyboard as/dic/ptfm/04seo0npt/np2
[   15.579071] device-mapper: ioctl: 4.37.0-ioctl (2017-09-20) initialised: dm-devel@redhat.com
[   15.594842] ledtrig-cpu: registered to indicate activity on CPUs
[   15.663753] NET: Registered protocol family 10
[   15.766767] Segment Routing with IPv6
[   15.851270] NET: Registered protocol family 17
[   15.892218] Key type dns_resolver registered
[   15.977908] mce: Using 0 MCE banks
[   16.023395] RAS: Correctable Errors collector initialized.
[   16.052153] sched_clock: Marking stable (16052056377, 0)->(33556103635, -17504047258)
[   16.063389] registered taskstats version 1
[   16.096500] Loading compiled-in X.509 certificates
[   16.162752] Loaded X.509 cert 'Build time autogenerated kernel key: d019e8c5f4cbc828f6af43369f65a014a3a68371'
[   16.321188] zswap: loaded using pool lzo/zbud
[   16.426121] Key type big_key registered
[   16.472302] Key type trusted registered
[   16.505211] Key type encrypted registered
[   16.522740] AppArmor: AppArmor sha1 policy hashing enabled
[   16.530045] ima: No TPM chip found, activating TPM-bypass! (rc=-19)
[   16.556703] ima: Allocated hash algorithm: sha1
[   16.578321] evm: HMAC attrs: 0x1
[   16.588551]   Magic number: 0:418:916
[   16.602555] tty ptmx: hash matches
[   16.609990] rtc_cmos rtc_cmos: setting system clock to 2020-04-03 03:54:52 UTC (1585886092)
[   16.722147] BIOS EDD facility v0.16 2004-Jun-25, 0 devices found
[   16.767395] EDD information not available.
[   16.854107] Freeing unused kernel image memory: 2432K
[   16.956334] Write protecting the kernel read-only data: 20480k
[   17.132746] Freeing unused kernel image memory: 2008K
[   17.341975] Freeing unused kernel image memory: 1880K
[   17.523932] x86/mm: Checked W+X mappings: passed, no W+X pages found.
[   17.642010] x86/mm: Checking user space page tables
[   17.652428] x86/mm: Checked W+X mappings: passed, no W+X pages found.
Loading, please wait...
starting version 237
[   17.809934] e1000: Intel(R) PRO/1000 Network Driver - version 7.3.21-k8-NAPI
[   17.835491] e1000: Copyright (c) 1999-2006 Intel Corporation.
[   17.844985] Fusion MPT base driver 3.04.20
[   17.862432] Copyright (c) 1999-2008 LSI Corporation
[   17.869687] Fusion MPT SPI Host driver 3.04.20
[   17.959240] AVX2 version of gcm_enc/dec engaged.
[   18.061919] AES CTR mode by8 optimization enabled
[   18.066456] input: ImExPS/2 Generic Explorer Mouse as /devices/platform/i8042/serio1/input/input4
[   18.445999] e1000 0000:00:03.0 eth0: (PCI:33MHz:32-bit) 02:86:7f:17:30:67
[   18.771522] e1000 0000:00:03.0 eth0: Intel(R) PRO/1000 Network Connection
[   19.235668] e1000 0000:00:08.0 eth1: (PCI:33MHz:32-bit) 08:00:27:2f:e7:f7
[   19.281793] e1000 0000:00:08.0 eth1: Intel(R) PRO/1000 Network Connection
[   19.455187] e1000 0000:00:08.0 enp0s8: renamed from eth1
[   19.537839] mptbase: ioc0: Initiating bringup
[   19.632315] e1000 0000:00:03.0 enp0s3: renamed from eth0
[   19.737686] ioc0: LSI53C1030 A0: Capabilities={Initiator}
[   20.124280] scsi host2: ioc0: LSI53C1030 A0, FwRev=00000000h, Ports=1, MaxQ=256, IRQ=20
[   20.345963] scsi 2:0:0:0: Direct-Access     VBOX     HARDDISK         1.0  PQ: 0 ANSI: 5
[   20.504487] scsi target2:0:0: Beginning Domain Validation
[   20.618165] scsi target2:0:0: Domain Validation skipping write tests
[   21.378705] scsi target2:0:0: Ending Domain Validation
[   22.181643] scsi target2:0:0: asynchronous
[   22.367214] scsi 2:0:1:0: Direct-Access     VBOX     HARDDISK         1.0  PQ: 0 ANSI: 5
[   24.001414] scsi target2:0:1: Beginning Domain Validation
[   24.238656] random: fast init done
[   25.014147] scsi target2:0:1: Domain Validation skipping write tests
[   26.004049] scsi target2:0:1: Ending Domain Validation
[   26.819998] scsi target2:0:1: asynchronous
[   27.327488] sd 2:0:0:0: Attached scsi generic sg0 type 0
[   27.327491] random: systemd-udevd: uninitialized urandom read (16 bytes read)
[   27.332955] sd 2:0:1:0: Attached scsi generic sg1 type 0
[   27.352728] random: systemd-udevd: uninitialized urandom read (16 bytes read)
[   27.354306] sd 2:0:1:0: [sdb] 20480 512-byte logical blocks: (10.5 MB/10.0 MiB)
[   27.365327] random: systemd-udevd: uninitialized urandom read (16 bytes read)
[   27.367007] sd 2:0:1:0: [sdb] Write Protect is off
[   27.428826] sd 2:0:0:0: [sda] 20971520 512-byte logical blocks: (10.7 GB/10.0 GiB)
[   27.508909] sd 2:0:0:0: [sda] Write Protect is off
[   27.509171] sd 2:0:1:0: [sdb] Incomplete mode parameter data
[   27.522102] sd 2:0:1:0: [sdb] Assuming drive cache: write through
[   27.525462] sd 2:0:1:0: [sdb] Attached SCSI disk
[   27.585853] sd 2:0:0:0: [sda] Incomplete mode parameter data
[   27.691690] sd 2:0:0:0: [sda] Assuming drive cache: write through
[   27.820081]  sda: sda1
[   27.828666] sd 2:0:0:0: [sda] Attached SCSI disk
Begin: Loading essential drivers ... [   29.377336] raid6: sse2x1   gen() 10567 MB/s
[   29.441134] raid6: sse2x1   xor()  6771 MB/s
[   29.504359] raid6: sse2x2   gen() 11691 MB/s
[   29.610504] raid6: sse2x2   xor()  8075 MB/s
[   29.744638] raid6: sse2x4   gen() 13606 MB/s
[   29.892328] raid6: sse2x4   xor()  9165 MB/s
[   30.004192] raid6: avx2x1   gen() 19630 MB/s
[   30.121763] raid6: avx2x1   xor() 14832 MB/s
[   30.188452] raid6: avx2x2   gen() 14021 MB/s
[   30.256039] raid6: avx2x2   xor() 12546 MB/s
[   30.321102] raid6: avx2x4   gen() 29930 MB/s
[   30.444089] raid6: avx2x4   xor() 15771 MB/s
[   30.451105] raid6: using algorithm avx2x4 gen() 29930 MB/s
[   30.454280] raid6: .... xor() 15771 MB/s, rmw enabled
[   30.455974] raid6: using avx2x2 recovery algorithm
[   30.473652] xor: automatically using best checksumming function   avx       
[   30.582316] async_tx: api initialized (async)
done.
Begin: Running /scripts/init-p[   30.688790] Btrfs loaded, crc32c=crc32c-intel
remount ... done.
Begin: Mounting root file system ... Begin: Running /scripts/local-top ... done.
Begin: Running /scripts/local-premount ... Scanning for Btrfs filesystems
done.
Warning: fsck no[   30.788360] EXT4-fs (sda1): mounted filesystem with ordered data mode. Opts: (null)
t present, so skipping root file system
done.
Begin: Running /scripts/local-bottom ... done.
Begin: Running /scripts/init-bottom ... done.
[   31.155950] ip_tables: (C) 2000-2006 Netfilter Core Team
[   31.285000] systemd[1]: systemd 237 running in system mode. (+PAM +AUDIT +SELINUX +IMA +APPARMOR +SMACK +SYSVINIT +UTMP +LIBCRYPTSETUP +GCRYPT +GNUTLS +ACL +XZ +LZ4 +SECCOMP +BLKID +ELFUTILS +KMOD -IDN2 +IDN -PCRE2 default-hierarchy=hybrid)
[   31.400022] systemd[1]: Detected virtualization oracle.
[   31.401681] systemd[1]: Detected architecture x86-64.

Welcome to [1mUbuntu 18.04.4 LTS[0m!

[   31.450951] systemd[1]: Set hostname to <ubuntu-bionic>.
[   31.907751] systemd[1]: Set up automount Arbitrary Executable File Formats File System Automount Point.
[[0;32m  OK  [0m] Set up automount Arbitrary Executabâ€¦rmats File System Automount Point.
[   32.370243] systemd[1]: Started Forward Password Requests to Wall Directory Watch.
[[0;32m  OK  [0m] Started Forward Password Requests to Wall Directory Watch.
[   32.432422] systemd[1]: Reached target Swap.
[[0;32m  OK  [0m] Reached target Swap.
[   32.473631] systemd[1]: Reached target User and Group Name Lookups.
[[0;32m  OK  [0m] Reached target User and Group Name Lookups.
[   32.546835] systemd[1]: Created slice System Slice.
[[0;32m  OK  [0m] Created slice System Slice.
[   32.652849] systemd[1]: Created slice system-serial\x2dgetty.slice.
[[0;32m  OK  [0m] Created slice system-serial\x2dgetty.slice.
[[0;32m  OK  [0m] Listening on Syslog Socket.
[[0;32m  OK  [0m] Listening on Network Service Netlink Socket.
[[0;32m  OK  [0m] Listening on /dev/initctl Compatibility Named Pipe.
[[0;32m  OK  [0m] Listening on Journal Socket (/dev/log).
[[0;32m  OK  [0m] Listening on LVM2 poll daemon socket.
[[0;32m  OK  [0m] Listening on Journal Socket.
         Starting Uncomplicated firewall...
         Starting Remount Root and Kernel File Systems...
         Mounting Huge Pa[   33.001588] EXT4-fs (sda1): re-mounted. Opts: (null)
ges File System...
[[0;32m  OK  [0m] Listening on Device-mapper event daemon FIFOs.
         Mounting POSIX Message Queue File System...
[[0;32m  OK  [0m] Listening on LVM2 metadata daemon socket.
         Starting Monitoring of LVM2 mirrorsâ€¦ng dmeventd or progress polling...
[[0;32m  OK  [0m] Listening on udev Control Socket.
         Starting Set the console keyboard layout...
[[0;32m  OK  [0m] Listening on udev Kernel Socket.
         Starting udev Coldplug all Devices...
[[0;32m  OK  [0m] Listening on Journal Audit Socket.
         Starting Journal Service...
         Starting Load Kernel Modules...
         [   33.598766] Loading iSCSI transport class v2.0-870.
Mounting Kernel Debug File System...
[[0;32m  OK  [0m] Created slice User and Session Slice.
[[0;32m  OK  [0m] Reached target Slices.
         [   33.644733] iscsi: registered transport (tcp)
Starting Create [   33.674442] random: crng init done
list of required[   33.693500] random: 7 urandom warning(s) missed due to ratelimiting
 stâ€¦ce nodes for the current kernel...
[   33.802946] iscsi: registered transport (iser)
[[0;32m  OK  [0m] Reached target System Time Synchronized.
[[0;32m  OK  [0m] Started Journal Service.
[[0;32m  OK  [0m] Started Uncomplicated firewall.
[[0;32m  OK  [0m] Started Remount Root and Kernel File Systems.
[[0;32m  OK  [0m] Mounted Huge Pages File System.
[[0;32m  OK  [0m] Mounted POSIX Message Queue File System.
[[0;32m  OK  [0m] Started Set the console keyboard layout.
[[0;32m  OK  [0m] Started Load Kernel Modules.
[[0;32m  OK  [0m] Mounted Kernel Debug File System.
[[0;32m  OK  [0m] Started Create list of required staâ€¦vice nodes for the current kernel.
[[0;32m  OK  [0m] Started udev Coldplug all Devices.
[[0;32m  OK  [0m] Started LVM2 metadata daemon.
         Starting Create Static Device Nodes in /dev...
         Mounting FUSE Control File System...
         Starting Apply Kernel Variables...
         Mounting Kernel Configuration File System...
         Starting Load/Save Random Seed...
         Starting Flush Journal to Persistent Storage...
[[0;32m  OK  [0m] Started Monitoring of LVM2 mirrors,â€¦sing dmeventd or progress polling.
[[0;32m  OK  [0m] Started Create Static Device Nodes in /dev.
[[0;32m  OK  [0m] Mounted FUSE Control File System.
[[0;32m  OK  [0m] Started Apply Kernel Variables.
[[0;32m  OK  [0m] Mounted Kernel Configuration File System.
[[0;32m  OK  [0m] Started Load/Save Random Seed.
         Starting udev Kernel Device Manager...
[[0;32m  OK  [0m] Reached target Local File Systems (Pre).
[[0;32m  OK  [0m] Reached target Local File Systems.
         Starting Tell Plymouth To Write Out Runtime Data...
         Starting Set console font and keymap...
         Starting AppArmor initialization...
         Starting ebtables ruleset management...
[[0;32m  OK  [0m] Started udev Kernel Device Manager.
[[0;32m  OK  [0m] Started Tell Plymouth To Write Out Runtime Data.
[[0;32m  OK  [0m] Started Set console font and keymap.
[[0;32m  OK  [0m] Started Dispatch Password Requests to Console Directory Watch.
[[0;32m  OK  [0m] Reached target Local Encrypted Volumes.
[[0;32m  OK  [0m] Started ebtables ruleset management.
[[0;32m  OK  [0m] Found device /dev/ttyS0.
[[0;32m  OK  [0m] Started Flush Journal to Persistent Storage.
[[0;32m  OK  [0m] Listening on Load/Save RF Kill Switch Status /dev/rfkill Watch.
         Starting Create Volatile Files and Directories...
[[0;32m  OK  [0m] Started Create Volatile Files and Directories.
         Starting Update UTMP about System Boot/Shutdown...
[[0;32m  OK  [0m] Started Update UTMP about System Boot/Shutdown.
[[0;32m  OK  [0m] Started AppArmor initialization.
         Starting Initial cloud-init job (pre-networking)...
[   38.109721] cloud-init[548]: Cloud-init v. 19.4-33-gbb4131a2-0ubuntu1~18.04.1 running 'init-local' at Fri, 03 Apr 2020 03:55:13 +0000. Up 37.84 seconds.
[[0;32m  OK  [0m] Started Initial cloud-init job (pre-networking).
[[0;32m  OK  [0m] Reached target Network (Pre).
         Starting Network Service...
[[0;32m  OK  [0m] Started Network Service.
         Starting Wait for Network to be Configured...
         Starting Network Name Resolution...
[[0;32m  OK  [0m] Started Network Name Resolution.
[[0;32m  OK  [0m] Reached target Network.
[[0;32m  OK  [0m] Reached target Host and Network Name Lookups.
[[0;32m  OK  [0m] Started Wait for Network to be Configured.
         Starting Initial cloud-init job (metadata service crawler)...
[   41.161986] cloud-init[685]: Cloud-init v. 19.4-33-gbb4131a2-0ubuntu1~18.04.1 running 'init' at Fri, 03 Apr 2020 03:55:16 +0000. Up 40.89 seconds.
[   41.195783] cloud-init[685]: ci-info: ++++++++++++++++++++++++++++++++++++++Net device info+++++++++++++++++++++++++++++++++++++++
[   41.260583] cloud-init[685]: ci-info: +--------+------+-----------------------------+---------------+--------+-------------------+
[   41.320424] cloud-init[685]: ci-info: | Device |  Up  |           Address           |      Mask     | Scope  |     Hw-Address    |
[   41.404707] cloud-init[685]: ci-info: +--------+------+-----------------------------+---------------+--------+-------------------+
[   41.492740] cloud-init[685]: ci-info: | enp0s3 | True |          10.0.2.15          | 255.255.255.0 | global | 02:86:7f:17:30:67 |
[[0;32m  OK  [0m] [   41.576721] cloud-init[685]: ci-info: | enp0s3 | True |  fe80::86:7fff:fe17:3067/64 |       .       |  link  | 02:86:7f:17:30:67 |
Started Initial cloud-init job (metadata service crawler).
[   41.577095] cloud-init[685]: ci-info: | enp0s8 | True |        192.168.33.10        | 255.255.255.0 | global | 08:00:27:2f:e7:f7 |
[[0;32m  OK  [0m[   41.668602] ] cloud-initReached target Cloud-config availability.[685]: 
ci-info: | enp0s8 | True | fe80::a00:27ff:fe2f:e7f7/64 |       .       |  link  | 08:00:27:2f:e7:f7 |
[[   41.669729] cloud-init[685]: ci-info: |   lo   | True |          127.0.0.1          |   255.0.0.0   |  host  |         .         |
[   41.715094] cloud-init[685]: ci-info: |   lo   | True |           ::1/128           |       .       |  host  |         .         |
[0;32m  OK  [0m] Reached target Network is Online.
[   41.715263] cloud-init[685]: ci-info: +--------+------+-----------------------------+---------------+--------+-------------------+
[   41.871776] cloud-init[685]: ci-info: +++++++++++++++++++++++++++++Route IPv4 info+++++++++++++++++++++++++++++
         Starting Availability of block devices...
[[   41.872603] cloud-init[685]: ci-info: +-------+--------------+----------+-----------------+-----------+-------+
[   41.922639] cloud-init[685]: ci-info: | Route | Destination  | Gateway  |     Genmask     | Interface | Flags |[0;32m  OK  [0m
] Reached target Remote File Systems (Pre).
[[   41.923127] cloud-init[685]: ci-info: +-------+--------------+----------+-----------------+-----------+-------+
[   42.017878] cloud-init[685]: ci-info: |   0   |   0.0.0.0    | 10.0.2.2 |     0.0.0.0     |   enp0s3  |   UG  |
[0;32m  OK  [0m] Reached target Remote File Systems.
[[0;32m  OK  [0m[   42.018147] ] cloud-initReached target System Initialization.[685]: 
ci-info: |   1   |   10.0.2.0   | 0.0.0.0  |  255.255.255.0  |   enp0s3  |   U   |
[[   42.152765] cloud-init[685]: ci-info: |   2   |   10.0.2.2   | 0.0.0.0  | 255.255.255.255 |   enp0s3  |   UH  |
[   42.153052] cloud-init[685]: ci-info: |   3   | 192.168.33.0 | 0.0.0.0  |  255.255.255.0  |   enp0s8  |   U   |
[   42.154696] cloud-init[685]: ci-info: +-------+--------------+----------+-----------------+-----------+-------+
[0;32m  OK  [0m] Listening on Open-iSCSI iscsid Socket.
[   42.156083] cloud-init[685]: ci-info: +++++++++++++++++++Route IPv6 info+++++++++++++++++++
         [   42.204506] Starting LXD - unix socket.cloud-init
[685]: ci-info: +-------+-------------+---------+-----------+-------+
[[   42.252597] cloud-init[685]: ci-info: | Route | Destination | Gateway | Interface | Flags |
[   42.253160] [0;32m  OK  [0mcloud-init] [685]: Started Discard unused blocks once a week.ci-info: +-------+-------------+---------+-----------+-------+

[   42.253554] cloud-init[685]: ci-info: |   1   |  fe80::/64  |    ::   |   enp0s8  |   U   |
[   42.480602] cloud-init[685]: ci-info: |   2   |  fe80::/64  |    ::   |   enp0s3  |   U   |
[[0;32m  OK  [0m] Started Daily apt download activities.
[   42.480782] cloud-init[685]: ci-info: |   4   |    local    |    ::   |   enp0s3  |   U   |
[   42.604401] cloud-init[685]: ci-info: |   5   |    local    |    ::   |   enp0s8  |   U   |
[   42.604713] [cloud-init[0;32m  OK  [0m[685]: ] ci-info: |   6   |   ff00::/8  |    ::   |   enp0s8  |   U   |Started Daily apt upgrade and clean activities.

[   42.605383] cloud-init[685]: ci-info: |   7   |   ff00::/8  |    ::   |   enp0s3  |   U   |
[[0;32m  OK  [0m[   42.706388] cloud-init[685]: ci-info: +-------+-------------+---------+-----------+-------+
] Listening on ACPID Listen Socket.
[[0;32m  OK  [0m] Started ACPI Events Check.
[[0;32m  OK  [0m] Reached target Paths.
[[0;32m  OK  [0m] Started Message of the Day.
[[0;32m  OK  [0m] Started Daily Cleanup of Temporary Directories.
[[0;32m  OK  [0m] Reached target Timers.
         Starting Socket activation for snappy daemon.
[[0;32m  OK  [0m] Listening on D-Bus System Message Bus Socket.
[[0;32m  OK  [0m] Listening on UUID daemon activation socket.
[[0;32m  OK  [0m] Started Availability of block devices.
[[0;32m  OK  [0m] Listening on LXD - unix socket.
[[0;32m  OK  [0m] Listening on Socket activation for snappy daemon.
[[0;32m  OK  [0m] Reached target Sockets.
[[0;32m  OK  [0m] Reached target Basic System.
         Starting vboxadd.service...
[[0;32m  OK  [0m] Started D-Bus System Message Bus.
         Starting Login Service...
[[0;32m  OK  [0m] Started Deferred execution scheduler.
         Starting Dispatcher daemon for systemd-networkd...
         Starting LXD - container startup/shutdown...
[[0;32m  OK  [0m] Started FUSE filesystem for LXC.
[[0;32m  OK  [0m] Started irqbalance daemon.
[[0;32m  OK  [0m] Started Regular background program processing daemon.
         Starting Accounts Service...
         Starting Permit User Sessions...
         Starting OpenBSD Secure Shell server...
         Starting LSB: Record successful boot for GRUB...
         Starting System Logging Service...
         Starting Snappy daemon...
         Starting LSB: automatic crash report generation...
[[0;32m  OK  [0m] Started System Logging Service.
[[0;32m  OK  [0m] Started Dispatcher daemon for systemd-networkd.
[[0;32m  OK  [0m] Started vboxadd.service.
[[0;32m  OK  [0m] Started LXD - container startup/shutdown.
[[0;32m  OK  [0m] Started Permit User Sessions.
[[0;32m  OK  [0m] Started Login Service.
[[0;32m  OK  [0m] Started OpenBSD Secure Shell server.
         Starting Authorization Manager...
[[0;32m  OK  [0m] Started Unattended Upgrades Shutdown.
         Starting Terminate Plymouth Boot Screen...
         Starting Hold until boot process finishes up...
         Starting vboxadd-service.service...
[[0;32m  OK  [0m] Started LSB: Record successful boot for GRUB.
[[0;32m  OK  [0m] Started LSB: automatic crash report generation.
[[0;32m  OK  [0m] Started Terminate Plymouth Boot Screen.
[[0;32m  OK  [0m] Started Hold until boot process finishes up.
[[0;32m  OK  [0m] Started vboxadd-service.service.
[[0;32m  OK  [0m] Started Authorization Manager.
[[0;32m  OK  [0m] Started Accounts Service.
[[0;32m  OK  [0m] Started Serial Getty on ttyS0.
         Starting Set console scheme...
[[0;32m  OK  [0m] Created slice User Slice of vagrant.
[[0;32m  OK  [0m] Started Snappy daemon.
[[0;32m  OK  [0m] Started Set console scheme.
         Starting User Manager for UID 1000...
[[0;32m  OK  [0m] Created slice system-getty.slice.
[[0;32m  OK  [0m] Started Getty on tty1.
[[0;32m  OK  [0m] Reached target Login Prompts.
         Starting Wait until snapd is fully seeded...
[[0;32m  OK  [0m] Started User Manager for UID 1000.
[[0;32m  OK  [0m] Started Session 1 of user vagrant.
[[0;32m  OK  [0m] Started Wait until snapd is fully seeded.
         Starting Apply the settings specified in cloud-config...
[[0;32m  OK  [0m] Reached target Multi-User System.
[[0;32m  OK  [0m] Reached target Graphical Interface.
         Starting Update UTMP about System Runlevel Changes...
[[0;32m  OK  [0m] Started Update UTMP about System Runlevel Changes.
[   46.007350] cloud-init[1246]: Cloud-init v. 19.4-33-gbb4131a2-0ubuntu1~18.04.1 running 'modules:config' at Fri, 03 Apr 2020 03:55:21 +0000. Up 45.83 seconds.
[[0;32m  OK  [0m] Started Apply the settings specified in cloud-config.
         Starting Execute cloud user/final scripts...
[   46.766216] cloud-init[1320]: Cloud-init v. 19.4-33-gbb4131a2-0ubuntu1~18.04.1 running 'modules:final' at Fri, 03 Apr 2020 03:55:22 +0000. Up 46.62 seconds.
[[0;32m  OK  [0m] Started Execute cloud user/final scripts.
[   46.878844] cloud-init[1320]: Cloud-init v. 19.4-33-gbb4131a2-0ubuntu1~18.04.1 finished at Fri, 03 Apr 2020 03:55:22 +0000. Datasource DataSourceNoCloud [seed=/dev/sdb][dsmode=net].  Up 46.75 seconds
[[0;32m  OK  [0m] Reached target Cloud-init target.

Ubuntu 18.04.4 LTS ubuntu-bionic ttyS0

ubuntu-bionic login: 