[    0.00000] inu vrsio 415.0-91-generic (bildd@lgw01-am64013) (gcc verson 7.4.0 (Ubuntu 7.4.0-1ubuntu1~18.04.1)) #92-Ubuntu SMP Fri Feb 28 11:09:48 UTC 2020 (Ubuntu 4.15.0-91.92-generic 4.15.18)
[    0.000000] Command line: BOOT_IMAGE=/boot/vmlinuz-4.15.0-91-generic root=UUID=8dfb92c0-c4f5-454a-95e4-5f3e53ce3d2d ro console=tty1 console=ttyS0
[    0.000000] KERNEL supported cpus:
[    0.000000]   Intel GenuineIntel
[    0.000000]   AMD AuthenticAMD
[    0.000000]   Centaur CentaurHauls
[    0.000000] x86fp: SupportingXSAVEeature 0x00: 'x87 floating point registers'
[    0.000000] x86/fpu: Supporting XSAVE feature 0x002: 'SSE registers'
[    0.000000] x8/fpu: Spprting SAVE feature 0x004: 'AVX registers'
[    0.000000] x86/fpu: xstate_offset[2]:  576, xstate_sizes[2]:  256
[    0.000000] x86/fpu: Enabled xstate features 0x7, context size is 832 bytes, using 'standard' format.
[    0.000000] e820: BIOS-provided physic RAM map
[    .00000] BIOS-e820: [mem 0x0000000000000000-0x000000000009fbff] usable
[    0.000000] BIOS-e820: [mem 0x000000000009fc00-0x000000000009ffff] reserved
[    0.000000] BIOS-e820: [mem x000000000f00-0x000000000ffff]resrvd
[    0.00000] IOS-82: [em 0x0000000100000-0x00000003ffeffff] usable
[    0.000000] BIOS-e820: [mem 0x000000003fff0000-0x000000003fffffff] ACPI data
[    0.000000] BIOS-e820: [mem 0x00000000fec00000-0x00000000fec00fff] reserved
[   0.00000BIOS-20: [m 0x000000fee0000-x000000fee00fff reseve
[  0.00000] IOS-e80:[me0x0000000fff000-0x000000ffffffff] reserved
[    0.000000] NX (Execute Disabe) prtection: active
[    0.000000] SMBIOS 2.5 present.
[    0.000000]DMI: innte Gmb Vrtalox/irualBo, IOS VitulBox 2/01/2006
[    0.000000] Hypervisor detected: KVM
[    0.000000] e820: last_pfn = 0x3fff0 max_arch_pfn = 0x400000000
[   0.0000]TRR: Disbld[    000000x86/AT MTRR dsabld,skipin PAT initialiation too.
[    0000000] CPU MRRs al bank - irualized sstm.
[    0.00000 x6/PA: onfuration [-7: WB  WT  UC- UC  WB  WT  UC- UC  
[    0.000000] found SMP MP-table at [mem 0x0009fff0-x0009fff]
[    0.000000] Scanin 1 res for w meor corupton
[    0.000000] RAMDISK: [mem 0x35965000-0x36ca9fff]
[    0.000000] ACPI: Earlytable hecksum verfiation disabled
[    0.000000] ACPI: RSDP 0x00000000000E0000 000024 (v02 VBOX  )
[    0.000000] ACPI: XSDT 0x000000003FFF0030 00003C (v01 VBOX   VBOXXSDT 00000001 ASL  00000061)
[    0.000000] ACPI: FACP 0x000000003FFF00F0 0000F4 (v04 VBOX   VBOXFACP 00000001 ASL 00000061)
[    0.000000] ACPI: DSDT 0x000000003FFF0470 0021FF (v02 VBOX   VBOXBIOS 00000002 INTL 20100528)
[    0.000000] ACPI: FACS 0x00000003FF020 000040
[   0.0000] ACPI:ACS 0x000000003F0200 0040[   .0000] ACP APIC x0000003FF020 00005C 02 VBOX   VOXAPIC 0000001 ASL  00000061)
[   0.00000] ACPI: SSDT 0x00000003FFF02A0 0001CC (v0 VBOX   VBXCPUT 000002 TL 200028)
[    .000000] No NMA confiuraon found
[    0.000000] Faking a node at [mem 0x0000000000000000-0x000000ffeffff]
[    0.000000] NODE_DATA(0) allocated [mem 0x3ffc5000-0x3ffeffff]
[    0.000000] kvm-clock: cpu 0, msr 0:3ff44001, primary cpu clock
[   0.0000] kvm-clock: Uing msrs 4b564d01 and b54d0
    0.0000] km-clock: using sched offset of 4321747701 cycles
[    0.00000] clckourcekvm-lok: mas: xffffffffffff max_ccls: 01c424dfb, max_dl_ns:885905983 ns
[   .0000] Zoe angs:
[    000000]  MA     [mem 0x000000000001000-x0000000ffff]
[    0.000000]   DMA32    [mem 0x0000000001000000-0x000000003ffeffff]
[    0.000000]   Normal   empty
[    0.000000]   Device   empty
[    0.000000] Movable zone start for each node
[    0.000000] Early memory node ranges
[    0.000000]   node   0: [mem 0x0000000000001000-0x000000000009efff]
[    0.000000]   node   0: [mem 0x00000000100000-0x00000ffeff]
[    0.000000] Reserved but unavailable: 98 pages
[    0.000000] Initmem setup node 0 [mem 0x0000000000001000-0x000000003ffeffff]
[    0.000000] ACPI: PM-Timer IO Port: 0x4008
[    0.000000] IOAPIC[0]: apic_id 2, version 32, address 0xfec00000, GSI 0-23
[    0.000000] ACPI: INT_SRC_OVR (bus 0 bus_irq 0 global_irq 2 dfl dfl)
[    .0000] ACI:IN_SC_O (bu 0bus_irq 9 global_irq 9 low level)
[    0.000000] Using ACPI (MADT) for SMP configuration information
[  0.0000]smboot Alowi 2 CPUs,  hotug CUs
[  0.00000] M: Rgiteednosav memry: [mem 0x00000000-0x00000fff]
[    0.000000] PM: Registered nosave memory: [mem 0x0009f000-0x0009ffff]
[    0.000000] PM: Registered nosaveemor: mem 0x000000-000efff]
[  0.0000] M:Regiered osve memoy:[mem0x00f0000-x000ffff][    00000] 820:[mem 0x400000-0xfebffff aaiabe or PI evce
[   000000]Bootngparairtalized kernel on KVM
[   0.00000] cloksource: refied-jiffies: mask: 0xffffffff max_cyles: 0xffffffff, max_idle_ns: 7645519600211568 ns
[    0.00000] randm: get_rado_bytes call fro sarternel+0x9/04fd with crng_init=0
[    0.000000] setup_percpu: NR_CPUS:8192 nr_cpumask_bits:2 nr_cpu_ids:2 nr_node_ids:1
[    0.000000] percpu: Embedded 45 pages/cpu s147456 r8192 d28672 u1048576
[    0.000000] PV qspinlock hash table entries: 256 (order: 0, 4096 bytes)
[    0.000000] Built 1 zonelists, mobility grouping on.  Total pages: 257913
[    .0000] olcy zoe:DMA32
[    0.000000] Kernel command line: BOOT_IMAGE=/boot/vminz-4..0-91-geneic roo=UID=8df920-c4f545a-954-f353e3d2droconol=tty1 consle=tyS
[   .0000] Memor: 82536K/48120Kavilbl (12300K erne cde, 241Krwdaa,4264Kroata, 242Kinit,272K bs,65584K eserved, 0 cma-reserve)
[   000000] SLB: HWalign=64, Order=0-3, MinObjects=0, CUs= Node1
[    000000] ernel/User page tables isolation: enabled
[    0.000000] ftrace: allocating39347 entries in 154 pages
[    0.004000] Hierarchical RCU implemention.
[    0.004000] 	RCU resriting CPUs frm NR_US=8192to nr_cpu_ids=2.
[    0.004000] 	Tasks RCU enabled.
[    0.004000] RCU: Adjusting geometry or r_fanoutlef=1 nr_cpu_ids=2
[    0.04000] NR_IRQS: 524544, nr_irqs: 440, preallocated irqs: 16
[    0.004000] Console: colour VGA+ 80x25
[    0.004000] console [tty1] enabled
[    0.004000] console [ttyS0] enabled
[    0.004000] ACPI: Core revision 20170831
[    0.004000] ACPI: 2 ACPI AML tables successfully acquired and loaded
[    0.004000] APIC: Switch to symmetric I/O mode setup
[    0.004000] x2apic enabled
[    0.004000] Switched APC routing to physical x2apic.
[    0.005056] ..TIMER: vector=0x30 apic1=0 pin1=2 apic2=-1 pin2=-1
[    0.008005] tsc: Detected 2700.000 MHz processor
[    0.012012] Calibrating delay loop (skipped) preset value.. 5400.00 BogoMIPS (lpj=10800000)
[    0.016005] pid_max: default: 32768 minimum: 301
[    0.017495] Security Framework initialized
[    0.018822] Yama: becoming mindful.
[    0.020032] AppArmor: AppArmor initialized
[    0.026075] Dentry cache hash table entries: 131072 (order: 8, 1048576 bytes)
[    0.028111] Inode-cache hash table entries: 65536 (order: 7, 524288 bytes)
[    0.032024] Mount-cache hash table entries: 2048 (order: 2, 16384 bytes)
[    0.036010] Mountpoint-cache hash table entries: 2048 (order: 2, 16384 bytes)
[    0.040253] Last level iTLB entries: 4KB 64, 2MB 8, 4MB 8
[    0.044004] Last level dTLB entries: 4KB 64, 2MB 0, 4MB 0, 1GB 4
[    0.048006] Spectre V1 : Mitigation: usercopy/swapgs barriers and __user pointer sanitization
[    0.052006] Spectre V2 : Mitigation: Full generic retpoline
[    0.056005] Spectre V2 : Spectre v2 / SpectreRSB mitigation: Filling RSB on context switch
[    0.060004] Speculative Store Bypass: Vulnerable
[    0.064043] MDS: Vulnerable: Clear CPU buffers attempted, no microcode
[    0.068169] Freeing SMP alternatives memory: 36K
[    0.184000] smpboot: CPU0: Intel(R) Core(TM) i5-5257U CPU @ 2.70GHz (family: 0x6, model: 0x3d, stepping: 0x4)
[    0.184097] Performance Events: unsupported p6 CPU model 61 no PMU driver, software events only.
[    0.188078] Hierarchical SRCU implementation.
[    0.196411] NMI watchdog: Perf event create on CPU 0 failed with -2
[    0.200006] NMI watchdog: Perf NMI watchdog permanently disabled
[    0.204078] smp: Bringing up secondary CPUs ...
[    0.208116] x86: Booting SMP configuration:
[    0.212006] .... node  #0, CPUs:      #1
[    0.004000] kvm-clock: cpu 1, msr 0:3ff44041, secondary cpu clock
[    0.230310] smp: Brought up 1 node, 2 CPUs
[    0.232006] smpboot: Max logical packages: 1
[    0.236005] smpboot: Total of 2 processors activated (10800.00 BogoMIPS)
[    0.240149] devtmpfs: initialized
[    0.244066] x86/mm: Memory block size: 128MB
[    0.248159] evm: security.selinux
[    0.252008] evm: security.SMACK64
[    0.256002] evm: security.SMACK64EXEC
[    0.260003] evm: security.SMACK64TRANSMUTE
[    0.264002] evm: security.SMACK64MMAP
[    0.268002] evm: security.apparmor
[    0.272007] evm: security.ima
[    0.276006] evm: security.capability
[    0.280135] clocksource: jiffies: mask: 0xffffffff max_cycles: 0xffffffff, max_idle_ns: 7645041785100000 ns
[    0.284021] futex hash table entries: 512 (order: 3, 32768 bytes)
[    0.290173] pinctrl core: initialized pinctrl subsystem
[    0.292126] RTC time:  4:44:10, date: 04/06/20
[    0.296400] NET: Registered protocol family 16
[    0.300093] audit: initializing netlink subsys (disabled)
[    0.304058] audit: type=2000 audit(1586148239.647:1): state=initialized audit_enabled=0 res=1
[    0.308008] cpuidle: using governor ladder
[    0.309312] cpuidle: using governor menu
[    0.312040] ACPI: bus type PCI registered
[    0.313305] acpiphp: ACPI Hot Plug PCI Controller Driver version: 0.5
[    0.316059] PCI: Using configuration type 1 for base access
[    0.317876] HugeTLB registered 2.00 MiB page size, pre-allocated 0 pages
[    0.320094] ACPI: Added _OSI(Module Device)
[    0.324008] ACPI: Added _OSI(Processor Device)
[    0.328006] ACPI: Added _OSI(3.0 _SCP Extensions)
[    0.332004] ACPI: Added _OSI(Processor Aggregator Device)
[    0.336007] ACPI: Added _OSI(Linux-Dell-Video)
[    0.340006] ACPI: Added _OSI(Linux-Lenovo-NV-HDMI-Audio)
[    0.344008] ACPI: Added _OSI(Linux-HPI-Hybrid-Graphics)
[    0.348401] ACPI: Executed 1 blocks of module-level executable AML code
[    0.357819] ACPI: Interpreter enabled
[    0.360016] ACPI: (supports S0 S5)
[    0.364004] ACPI: Using IOAPIC for interrupt routing
[    0.368249] PCI: Using host bridge windows from ACPI; if necessary, use "pci=nocrs" and report a bug
[    0.372237] ACPI: Enabled 2 GPEs in block 00 to 07
[    0.383574] ACPI: PCI Root Bridge [PCI0] (domain 0000 [bus 00-ff])
[    0.384017] acpi PNP0A03:00: _OSC: OS supports [ASPM ClockPM Segments MSI]
[    0.388045] acpi PNP0A03:00: _OSC: not requesting OS control; OS requires [ExtendedConfig ASPM ClockPM MSI]
[    0.392022] acpi PNP0A03:00: fail to add MMCONFIG information, can't access extended PCI configuration space under this bridge.
[    0.396530] PCI host bridge to bus 0000:00
[    0.400015] pci_bus 0000:00: root bus resource [io  0x0000-0x0cf7 window]
[    0.404012] pci_bus 0000:00: root bus resource [io  0x0d00-0xffff window]
[    0.408010] pci_bus 0000:00: root bus resource [mem 0x000a0000-0x000bffff window]
[    0.412010] pci_bus 0000:00: root bus resource [mem 0x40000000-0xfdffffff window]
[    0.414396] pci_bus 0000:00: root bus resource [bus 00-ff]
[    0.420400] pci 0000:00:01.1: legacy IDE quirk: reg 0x10: [io  0x01f0-0x01f7]
[    0.424008] pci 0000:00:01.1: legacy IDE quirk: reg 0x14: [io  0x03f6]
[    0.428008] pci 0000:00:01.1: legacy IDE quirk: reg 0x18: [io  0x0170-0x0177]
[    0.432006] pci 0000:00:01.1: legacy IDE quirk: reg 0x1c: [io  0x0376]
[    0.460099] pci 0000:00:07.0: quirk: [io  0x4000-0x403f] claimed by PIIX4 ACPI
[    0.464025] pci 0000:00:07.0: quirk: [io  0x4100-0x410f] claimed by PIIX4 SMB
[    0.482363] ACPI: PCI Interrupt Link [LNKA] (IRQs 5 9 10 *11)
[    0.484367] ACPI: PCI Interrupt Link [LNKB] (IRQs 5 9 *10 11)
[    0.488154] ACPI: PCI Interrupt Link [LNKC] (IRQs 5 *9 10 11)
[    0.492176] ACPI: PCI Interrupt Link [LNKD] (IRQs 5 9 10 *11)
[    0.496412] SCSI subsystem initialized
[    0.504034] pci 0000:00:02.0: vgaarb: setting as boot VGA device
[    0.508000] pci 0000:00:02.0: vgaarb: VGA device added: decodes=io+mem,owns=io+mem,locks=none
[    0.508009] pci 0000:00:02.0: vgaarb: bridge control possible
[    0.512003] vgaarb: loaded
[    0.516050] ACPI: bus type USB registered
[    0.520045] usbcore: registered new interface driver usbfs
[    0.524027] usbcore: registered new interface driver hub
[    0.528042] usbcore: registered new device driver usb
[    0.532150] EDAC MC: Ver: 3.0.0
[    0.536619] PCI: Using ACPI for IRQ routing
[    0.540682] NetLabel: Initializing
[    0.544009] NetLabel:  domain hash size = 128
[    0.548005] NetLabel:  protocols = UNLABELED CIPSOv4 CALIPSO
[    0.552031] NetLabel:  unlabeled traffic allowed by default
[    0.556111] clocksource: Switched to clocksource kvm-clock
[   5775] VFS Dk ot dot.6
  1.05] FS: quot-cace shab eri: 12order 0, 096 bytes)
[    1.593346]AppArmor: AppArmor ilystem naed
[    1.865 p: P ACPI init
[   0128pn P AI:ou 3eves
[  2505] clocksorc: pipmma: ffffmacyes0xff, x_les:08014 
  3.5468] NET: Reisreproc fil2
[   4.58] CP esabsh hh blenie 82 rdr: 4656 te
[   4.8762 T bndastae entes81 (de 51312 te
   5.24] P:astaesonigre (talied19bi 82)[  65715] P astae trs:12orr:, 38bytes)
[   2038UDLi hh ab etris:51 (orr:2,63 bte
   7590]NE Riseredprtoolfaly1   8530]ci000:000: mingirt I/I aner
[    ..20543]ci000:00:01.0: Activating ISA DMA hang workarounds

[    9.372913] pci 0000:00:02.0: Video device with shadowed ROM at [mem 0x000c0000-0x000dffff]
[   9.78658 Upaing iniams..
[    9.960915] Freeing initrd memory: 19732K
[    9.968095] clocksource: tsc: mask: 0xffffffffffffffff max_cycles: 0x26eb3e3cc63, max_idle_ns: 440795236593 ns
[   10.074587] platform rtc_cmos: registered platform RTC device (no PNP device found)
[   10.107718] Scanning for low memory corruption every 60 seconds
[   10.218115] Initialise system trusted keyrings
[   10.285799] Key type blacklist registered
[   10.337767] workingset: timestamp_bits=36 max_order=18 bucket_order=0
[   10.426696] zbud: loaded
[   10.466250] squashfs: version 4.0 (2009/01/31) Phillip Lougher
[   10.533065] fuse init (API version 7.26)
[   0.530] Ky peasymmetric registerd
[  .863 Ammric key parser 'x509' registered
[   11.144524] Block layer SCSI generic (bsg) driver version 0.4 loaded (major 246)
[   11.250452] io scheduler noop registered
[   11.315888] io scheduler deadline registered
[   11.348943] io scheduler cfq registered (default)
[   11.351016] ACPI: AC Adapter [AC] (off-line)
[   11.415133] input: Power Button as /devices/LNXSYSTM:00/LNXPWRBN:00/input/input0
[  11.5498 API: PoerutonPW]
[   11.200]npt: Sleep Button s eves/LNXSYST:0LNLP:0int/np1  2.76762] CP: lep Buton[SF]
[   19729] ACPI: Battery Slot [BAT0] (battery present)
[   13.077442] Serial: 8250/16550 driver, 32 ports, IRQ sharing enabled
[   13.175095] 00:02: ttyS0 at I/O 0x3f8 (irq = 4, base_baud = 115200) is a 16550A
[   13.184672] Linux agpgart interface v0.103
[   13.193381] loop: module loaded
[   13.202502] scsi host0: ata_piix
[   13.206526] scsi host1: ata_piix
[   13.207645] ata1: PATA max UDMA/33 cmd 0x1f0 ctl 0x3f6 bmdma 0xd000 irq 14
[   13.209844] ata2: PATA max UDMA/33 cmd 0x170 ctl 0x376 bmdma 0xd008 irq 15
[   13.228165] libphy: Fixed MDIO Bus: probed
[   13.340617] tun: Universal TUN/TAP device driver, 1.6
[   13.486131] PPP generic driver version 2.4.2
[   13.548997] ehci_hcd: USB 2.0 'Enhanced' Host Controller (EHCI) Driver
[   13.728801] ehci-pci: EHCI PCI platform driver
[   13.730259] ehci-platform: EHCI generic platform driver
[   13.803081] ohci_hcd: USB 1.1 'Open' Host Controller (OHCI) Driver
[   13.812328] ohci-pci: OHCI PCI platform driver
[   13.813793] ohci-platform: OHCI generic platform driver
[   13.849784] uhci_hcd: USB Universal Host Controller Interface driver
[   13.872624] i8042: PNP: PS/2 Controller [PNP0303:PS2K,PNP0f03:PS2M] at 0x60,0x64 irq 1,12
[   13.883921] serio: i8042 KBD port at 0x60,0x64 irq 1
[   13.910801] serio: i8042 AUX port at 0x60,0x64 irq 12
[   13.935985] mousedev: PS/2 mouse device common for all mice
[   13.977097] input: AT Translated Set 2 keyboard as /devices/platform/i8042/serio0/input/input2
[   14.037446] rtc_cmos rtc_cmos: rtc core: registered rtc_cmos as rtc0
[   14.064421] rtc_cmos rtc_cmos: alarms up to one day, 114 bytes nvram
[   14.148681] i2c /dev entries driver
[   14.201239] device-mapper: uevent: version 1.0.3
[   14.316924] device-mapper: ioctl: 4.37.0-ioctl (2017-09-20) initialised: dm-devel@redhat.com
[   14.428468] ledtrig-cpu: registered to indicate activity on CPUs
[   14.547544] NET: Registered protocol family 10
[   14.621449] Segment Routing with IPv6
[   14.666793] NET: Registered protocol family 17
[   14.716804] Key type dns_resolver registered
[   14.775931] mce: Using 0 MCE banks
[   4.36] S:orrctable rrs lltoinitialized.
[   15.313297]scd_oc Mking stbl(113171, 0)(37838, 893786

[   16.070923] registered taskstats version 1
[   16.073542] Loading compiled-in X.509 certificates
[   16.077686] Loaded X.509 cert 'Build time autogenerated kernel key: d019e8c5f4cbc828f6af43369f65a014a3a68371'
[   16.118888] zswap: loaded using pool lzo/zbud
[   16.145398] Key type big_key registered
[   16.178214] Key type trusted registered
[   16.224254] Key type encrypted registered
[   16.276456] AppArmor: AppArmor sha1 policy hashing enabled
[   16.278180] ima: No TPM chip found, activating TPM-bypass! (rc=-19)
[   16.356665] ima: Allocated hash algorithm: sha1
[   16.417576] evm: HMAC attrs: 0x1
[   16.466565]   Magic number: 0:543:716
[   16.527982] rtc_cmos rtc_cmos: setting system clock to 2020-04-06 04:44:28 UTC (1586148268)
[   16.630079] BIOS EDD facility v0.16 2004-Jun-25, 0 devices found
[   16.692633] EDD information not available.
[   16.751734] Freeing unused kernel image memory: 2432K
[   16.836207] Write protecting the kernel read-only data: 20480k
[   16.947295] Freeing unused kernel image memory: 2008K
[   18.002421] Freeing unused kernel image memory: 1880K
[   18.114426] x86/mm: Checked W+X mappings: passed, no W+X pages found.
[   19.684256] x86/mm: Checking user space page tables
[   19.695848] x86/mm: Checked W+X mappings: passed, no W+X pages found.
Loading, please wait...
starting version 237
[   19.792839] Fusion MPT base driver 3.04.20
[   19.797052] Copyright (c) 1999-2008 LSI Corporation
[   19.814455] e1000: Intel(R) PRO/1000 Network Driver - version 7.3.21-k8-NAPI
[   19.862425] e1000: Copyright (c) 1999-2006 Intel Corporation.
[   19.869127] AVX2 version of gcm_enc/dec engaged.
[   19.882138] AES CTR mode by8 optimization enabled
[   19.887842] Fusion MPT SPI Host driver 3.04.20
[   20.113313] input: ImExPS/2 Generic Explorer Mouse as /devices/platform/i8042/serio1/input/input4
[   20.310803] e1000 0000:00:03.0 eth0: (PCI:33MHz:32-bit) 02:86:7f:17:30:67
[   21.705507] e1000 0000:00:03.0 eth0: Intel(R) PRO/1000 Network Connection
[   22.817232] mptbase: ioc0: Initiating bringup
[   22.925189] ioc0: LSI53C1030 A0: Capabilities={Initiator}
[   23.183360] scsi host2: ioc0: LSI53C1030 A0, FwRev=00000000h, Ports=1, MaxQ=256, IRQ=20
[   23.418995] scsi 2:0:0:0: Direct-Access     VBOX     HARDDISK         1.0  PQ: 0 ANSI: 5
[   24.749314] scsi target2:0:0: Beginning Domain Validation
[   24.834948] scsi target2:0:0: Domain Validation skipping write tests
[   24.838069] scsi target2:0:0: Ending Domain Validation
[   24.839888] scsi target2:0:0: asynchronous
[   24.852016] scsi 2:0:1:0: Direct-Access     VBOX     HARDDISK         1.0  PQ: 0 ANSI: 5
[   25.144017] scsi target2:0:1: Beginning Domain Validation
[   25.177038] e1000 0000:00:08.0 eth1: (PCI:33MHz:32-bit) 08:00:27:2f:e7:f7
[   25.202832] random: fast init done
[   25.250375] e1000 0000:00:08.0 eth1: Intel(R) PRO/1000 Network Connection
[   25.255051] scsi target2:0:1: Domain Validation skipping write tests
[   25.295720] scsi target2:0:1: Ending Domain Validation
[   25.297093] random: systemd-udevd: uninitialized urandom read (16 bytes read)
[   25.376895] random: systemd-udevd: uninitialized urandom read (16 bytes read)
[   25.376915] scsi target2:0:1: asynchronous
[   25.379134] random: systemd-udevd: uninitialized urandom read (16 bytes read)
[   25.482004] e1000 0000:00:03.0 enp0s3: renamed from eth0
[   25.491078] sd 2:0:0:0: Attached scsi generic sg0 type 0
[   25.545671] sd 2:0:0:0: [sda] 20971520 512-byte logical blocks: (10.7 GB/10.0 GiB)
[   25.548608] sd 2:0:1:0: Attached scsi generic sg1 type 0
[   25.614130] sd 2:0:0:0: [sda] Write Protect is off
[   25.614353] sd 2:0:1:0: [sdb] 20480 512-byte logical blocks: (10.5 MB/10.0 MiB)
[   25.722948] e1000 0000:00:08.0 enp0s8: renamed from eth1
[   25.802761] sd 2:0:1:0: [sdb] Write Protect is off
[   25.832456] sd 2:0:0:0: [sda] Incomplete mode parameter data
[   25.832594] sd 2:0:1:0: [sdb] Incomplete mode parameter data
[   25.834254] sd 2:0:0:0: [sda] Assuming drive cache: write through
[   25.851940] sd 2:0:1:0: [sdb] Assuming drive cache: write through
[   25.861895]  sda: sda1
[   25.866487] sd 2:0:0:0: [sda] Attached SCSI disk
[   25.866884] sd 2:0:1:0: [sdb] Attached SCSI disk
Begin: Loading essential drivers ... [   27.380224] raid6: sse2x1   gen() 10359 MB/s
[   27.440246] raid6: sse2x1   xor()  4079 MB/s
[   27.520560] raid6: sse2x2   gen() 10062 MB/s
[   27.628285] raid6: sse2x2   xor()  7446 MB/s
[   27.736024] raid6: sse2x4   gen() 14034 MB/s
[   27.848266] raid6: sse2x4   xor()  8955 MB/s
[   27.960242] raid6: avx2x1   gen() 19802 MB/s
[   28.056252] raid6: avx2x1   xor() 13454 MB/s
[   28.156244] raid6: avx2x2   gen() 23257 MB/s
[   28.252273] raid6: avx2x2   xor() 13617 MB/s
[   28.372270] raid6: avx2x4   gen() 26622 MB/s
[   28.480323] raid6: avx2x4   xor() 16783 MB/s
[   28.526514] raid6: using algorithm avx2x4 gen() 26622 MB/s
[   28.574213] raid6: .... xor() 16783 MB/s, rmw enabled
[   28.612465] raid6: using avx2x2 recovery algorithm
[   28.636243] xor: automatically using best checksumming function   avx       
[   28.673068] async_tx: api initialized (async)
done.
Begin: Running /scripts/init-premount ... done.[   28.721292] Btrfs loaded, crc32c=crc32c-intel

Begin: Mounting root file system ... Begin: Running /scripts/local-top ... done.
Begin: Runnin[   28.778511] EXT4-fs (sda1): mounted filesystem with ordered data mode. Opts: (null)
g /scripts/local-premount ... Scanning for Btrfs filesystems
done.
Warning: fsck not present, so skipping root file system
done.
Begin: Running /scripts/local-bottom ... done.
Begin: Running /scripts/init-bottom ... done.
[   29.243624] ip_tables: (C) 2000-2006 Netfilter Core Team
[   29.265749] systemd[1]: systemd 237 running in system mode. (+PAM +AUDIT +SELINUX +IMA +APPARMOR +SMACK +SYSVINIT +UTMP +LIBCRYPTSETUP +GCRYPT +GNUTLS +ACL +XZ +LZ4 +SECCOMP +BLKID +ELFUTILS +KMOD -IDN2 +IDN -PCRE2 default-hierarchy=hybrid)
[   29.624841] systemd[1]: Detected virtualization oracle.
[   29.630405] systemd[1]: Detected architecture x86-64.

Welcome to [1mUbuntu 18.04.4 LTS[0m!

[   29.693830] systemd[1]: Set hostname to <ubuntu-bionic>.
[   30.316914] systemd[1]: Reached target User and Group Name Lookups.
[[0;32m  OK  [0m] Reached target User and Group Name Lookups.
[   30.511547] systemd[1]: Created slice User and Session Slice.
[[0;32m  OK  [0m] Created slice User and Session Slice.
[   30.756349] systemd[1]: Started Forward Password Requests to Wall Directory Watch.
[[0;32m  OK  [0m] Started Forward Password Requests to Wall Directory Watch.
[   30.767510] systemd[1]: Reached target System Time Synchronized.
[[0;32m  OK  [0m] Reached target System Time Synchronized.
[   30.828393] systemd[1]: Reached target Swap.
[[0;32m  OK  [0m] Reached target Swap.
[   30.887785] systemd[1]: Set up automount Arbitrary Executable File Formats File System Automount Point.
[[0;32m  OK  [0m] Set up automount Arbitrary Executabâ€¦rmats File System Automount Point.
[[0;32m  OK  [0m] Created slice System Slice.
[[0;32m  OK  [0m] Listening on LVM2 metadata daemon socket.
[[0;32m  OK  [0m] Listening on Syslog Socket.
[[0;32m  OK  [0m] Listening on udev Control Socket.
[[0;32m  OK  [0m] Reached target Slices.
[[0;32m  OK  [0m] Listening on Journal Audit Socket.
[[0;32m  OK  [0m] Listening on LVM2 poll daemon socket.
[[0;32m  OK  [0m] Listening on Network Service Netlink Socket.
[[0;32m  OK  [0m] Listening on udev Kernel Socket.
[[0;32m  OK  [0m] Created slice system-serial\x2dgetty.slice.
[[0;32m  OK  [0m] Listening on Device-mapper event daemon FIFOs.
[[0;32m  OK  [0m] Listening on Journal Socket (/dev/log).
[[0;32m  OK  [0m] Listening on Journal Socket.
         Mounting Kernel Debug File System...
         Starting Load Kernel Modules...
         Starting Monitoring of LVM2 mirrorsâ€¦ng dmeventd or progress polling...
[   31.350212] Loading iSCSI transport class v2.0-870.
         Starting Create list of required stâ€¦ce nodes for the current kernel...
         Starting Uncompl[   31.482348] iscsi: registered transport (tcp)
icated firewall...
         Starting Set the console keyboar[   31.566900] iscsi: registered transport (iser)
d layout...
         Mounting POSIX Message Queue File System...
         Starting udev Coldplug all Devices...
         Starting Remount Root and Kernel File Systems...
[[0;32m  OK  [0m] Listening on /dev/initctl Compatibility Named Pipe.
         [   31.699926] EXT4-fs (sda1): re-mounted. Opts: (null)
Mounting Huge Pages File System...
         Starting Journal Service...
[[0;32m  OK  [0m] Mounted Kerne[   31.738953] random: crng init done
l Debug File Sys[   32.616810] random: 7 urandom warning(s) missed due to ratelimiting
tem.
[[0;32m  OK  [0m] Started Load Kernel Modules.
[[0;32m  OK  [0m] Started Journal Service.
[[0;32m  OK  [0m] Started Create list of required staâ€¦vice nodes for the current kernel.
[[0;32m  OK  [0m] Started Uncomplicated firewall.
[[0;32m  OK  [0m] Started Set the console keyboard layout.
[[0;32m  OK  [0m] Mounted POSIX Message Queue File System.
[[0;32m  OK  [0m] Started Remount Root and Kernel File Systems.
[[0;32m  OK  [0m] Mounted Huge Pages File System.
[[0;32m  OK  [0m] Started udev Coldplug all Devices.
[[0;32m  OK  [0m] Started LVM2 metadata daemon.
         Starting Load/Save Random Seed...
         Starting Create Static Device Nodes in /dev...
         Starting Flush Journal to Persistent Storage...
         Mounting FUSE Control File System...
         Mounting Kernel Configuration File System...
         Starting Apply Kernel Variables...
[[0;32m  OK  [0m] Started Monitoring of LVM2 mirrors,â€¦sing dmeventd or progress polling.
[[0;32m  OK  [0m] Started Load/Save Random Seed.
[[0;32m  OK  [0m] Started Create Static Device Nodes in /dev.
[[0;32m  OK  [0m] Mounted FUSE Control File System.
[[0;32m  OK  [0m] Mounted Kernel Configuration File System.
[[0;32m  OK  [0m] Started Apply Kernel Variables.
         Starting udev Kernel Device Manager...
[[0;32m  OK  [0m] Reached target Local File Systems (Pre).
[[0;32m  OK  [0m] Reached target Local File Systems.
         Starting Set console font and keymap...
         Starting Tell Plymouth To Write Out Runtime Data...
         Starting AppArmor initialization...
         Starting ebtables ruleset management...
[[0;32m  OK  [0m] Started udev Kernel Device Manager.
[[0;32m  OK  [0m] Started Set console font and keymap.
[[0;32m  OK  [0m] Started Tell Plymouth To Write Out Runtime Data.
[[0;32m  OK  [0m] Started Dispatch Password Requests to Console Directory Watch.
[[0;32m  OK  [0m] Reached target Local Encrypted Volumes.
[[0;32m  OK  [0m] Started ebtables ruleset management.
[[0;32m  OK  [0m] Found device /dev/ttyS0.
[[0;32m  OK  [0m] Listening on Load/Save RF Kill Switch Status /dev/rfkill Watch.
[[0;32m  OK  [0m] Started Flush Journal to Persistent Storage.
[[0;32m  OK  [0m] Started AppArmor initialization.
         Starting Create Volatile Files and Directories...
[[0;32m  OK  [0m] Started Create Volatile Files and Directories.
         Starting Update UTMP about System Boot/Shutdown...
         Starting Initial cloud-init job (pre-networking)...
[[0;32m  OK  [0m] Started Update UTMP about System Boot/Shutdown.
[   38.378639] cloud-init[575]: Cloud-init v. 19.4-33-gbb4131a2-0ubuntu1~18.04.1 running 'init-local' at Mon, 06 Apr 2020 04:44:50 +0000. Up 38.04 seconds.
[[0;32m  OK  [0m] Started Initial cloud-init job (pre-networking).
[[0;32m  OK  [0m] Reached target Network (Pre).
         Starting Network Service...
[[0;32m  OK  [0m] Started Network Service.
         Starting Network Name Resolution...
         Starting Wait for Network to be Configured...
[[0;32m  OK  [0m] Started Network Name Resolution.
[[0;32m  OK  [0m] Reached target Network.
[[0;32m  OK  [0m] Reached target Host and Network Name Lookups.
[[0;32m  OK  [0m] Started Wait for Network to be Configured.
         Starting Initial cloud-init job (metadata service crawler)...
[   41.367613] cloud-init[696]: Cloud-init v. 19.4-33-gbb4131a2-0ubuntu1~18.04.1 running 'init' at Mon, 06 Apr 2020 04:44:53 +0000. Up 41.20 seconds.
[   41.435107] cloud-init[696]: ci-info: ++++++++++++++++++++++++++++++++++++++Net device info+++++++++++++++++++++++++++++++++++++++
[   41.512799] cloud-init[696]: ci-info: +--------+------+-----------------------------+---------------+--------+-------------------+
[   41.568373] cloud-init[696]: ci-info: | Device |  Up  |           Address           |      Mask     | Scope  |     Hw-Address    |
[[0;32m  OK  [0m] Started Initial cloud-init job (metadata service crawler).
[[0;32m  OK  [0m] Reached target Network is Online.
[   41.731558] cloud-init[696]: ci-info: +--------+------+-----------------------------+---------------+--------+-------------------+
         Starting Availability of block devices...
[[0;32m  OK  [0m] Reached target Remote File Systems (Pre).
[[0;32m  OK  [0m] Reached target Remote File Systems.
[   41.974976] cloud-init[696]: ci-info: | enp0s3 | True |          10.0.2.15          | 255.255.255.0 | global | 02:86:7f:17:30:67 |
[   42.164368] cloud-init[696]: ci-info: | enp0s3 | True |  fe80::86:7fff:fe17:3067/64 |       .       |  link  | 02:86:7f:17:30:67 |
[   42.215266] cloud-init[696]: ci-info: | enp0s8 | True |        192.168.33.10        | 255.255.255.0 | global | 08:00:27:2f:e7:f7 |
[[0;32m  OK  [0m] Reached target Cloud-config availability.
[   42.289091] cloud-init[696]: ci-info: | enp0s8 | True | fe80::a00:27ff:fe2f:e7f7/64 |       .       |  link  | 08:00:27:2f:e7:f7 |
[[0;32m  OK  [0m] Reached target System Initialization.
[   42.336517] cloud-init[696]: ci-info: |   lo   | True |          127.0.0.1          |   255.0.0.0   |  host  |         .         |
[[0;32m  OK  [0m] Started Daily apt download activities.
[   42.493177] cloud-init[696]: ci-info: |   lo   | True |           ::1/128           |       .       |  host  |         .         |
         Starting LXD - unix socket.
[[0;32m  OK  [0m] Started Daily Cleanup of Temporary Directories.
[[0;32m  OK  [0m] Listening on UUID daemon activation socket.
[[0;32m  OK  [0m] Started Discard unused blocks once a week.
[[0;32m  OK  [0m] Listening on ACPID Listen Socket.
[   42.647544] cloud-init[696]: ci-info: +--------+------+-----------------------------+---------------+--------+-------------------+
[   42.984931] cloud-init[696]: ci-info: +++++++++++++++++++++++++++++Route IPv4 info+++++++++++++++++++++++++++++
[   43.093601] cloud-init[696]: ci-info: +-------+--------------+----------+-----------------+-----------+-------+
[   43.192589] cloud-init[696]: ci-info: | Route | Destination  | Gateway  |     Genmask     | Interface | Flags |
[   43.280519] cloud-init[696]: ci-info: +-------+--------------+----------+-----------------+-----------+-------+
[   43.368887] cloud-init[696]: ci-info: |   0   |   0.0.0.0    | 10.0.2.2 |     0.0.0.0     |   enp0s3  |   UG  |
[   43.456748] cloud-init[696]: ci-info: |   1   |   10.0.2.0   | 0.0.0.0  |  255.255.255.0  |   enp0s3  |   U   |
[[0;32m  OK  [0m] Started ACPI Events Check.
[[0;32m  OK  [0m] Reached target Paths.
[[0;32m  OK  [0m] Started Message of the Day.
[[0;32m  OK  [0m] Started Daily apt upgrade and clean activities.
[[0;32m  OK  [0m] Reached target Timers.
[[0;32m  OK  [0m] Listening on Open-iSCSI iscsid Socket.
         Starting Socket activation for snappy daemon.
[[0;32m  OK  [0m] Listening on D-Bus System Message Bus Socket.
[[0;32m  OK  [0m] Started Availability of block devices.
[[0;32m  OK  [0m] Listening on LXD - unix socket.
[[0;32m  OK  [0m] Listening on Socket activation for snappy daemon.
[[0;32m  OK  [0m] Reached target Sockets.
[[0;32m  OK  [0m] Reached target Basic System.
         Starting Login Service...
[   43.555671] cloud-init[696]: ci-info: |   2   |   10.0.2.2   | 0.0.0.0  | 255.255.255.255 |   enp0s3  |   UH  |
         Starting LSB: Record successful boot for GRUB...
[   44.298240] cloud-init[696]: ci-info: |   3   | 192.168.33.0 | 0.0.0.0  |  255.255.255.0  |   enp0s8  |   U   |
[[0;32m  OK  [0m] Started FUSE filesystem for LXC.
[   44.379002] cloud-init[696]: ci-info: +-------+--------------+----------+-----------------+-----------+-------+
         Starting Snappy daemon...
[   44.457461] cloud-init[696]: ci-info: +++++++++++++++++++Route IPv6 info+++++++++++++++++++
[[   44.568904] cloud-init[696]: ci-info: +-------+-------------+---------+-----------+-------+
[0;32m  OK  [0m] Started D-Bus System Message Bus.
[   44.569082] cloud-init[696]: ci-info: | Route | Destination | Gateway | Interface | Flags |
[[   44.720226] cloud-init[696]: ci-info: +-------+-------------+---------+-----------+-------+
[   44.720674] cloud-init[696]: ci-info: |   1   |  fe80::/64  |    ::   |   enp0s3  |   U   |
[0;32m  OK  [0m] Started Login Service.
[   44.721209] cloud-init[696]: ci-info: |   2   |  fe80::/64  |    ::   |   enp0s8  |   U   |
         [   44.924826] Starting System Logging Service...cloud-init
[696]: ci-info: |   4   |    local    |    ::   |   enp0s3  |   U   |
[[   45.045331] cloud-init[696]: ci-info: |   5   |    local    |    ::   |   enp0s8  |   U   |
[0;32m  OK  [0m] Started Deferred execution scheduler.
[   45.045766] cloud-init[696]: ci-info: |   6   |   ff00::/8  |    ::   |   enp0s3  |   U   |
         [   45.135899] Starting Permit User Sessions...cloud-init
[696]: ci-info: |   7   |   ff00::/8  |    ::   |   enp0s8  |   U   |
[[   45.166172] cloud-init[696]: ci-info: +-------+-------------+---------+-----------+-------+
[0;32m  OK  [0m] Started Regular background program processing daemon.
[[0;32m  OK  [0m] Started Unattended Upgrades Shutdown.
         Starting Accounts Service...
         Starting Dispatcher daemon for systemd-networkd...
         Starting OpenBSD Secure Shell server...
[[0;32m  OK  [0m] Started irqbalance daemon.
         Starting vboxadd.service...
         Starting LSB: automatic crash report generation...
         Starting LXD - container startup/shutdown...
[[0;32m  OK  [0m] Started Snappy daemon.
[[0;32m  OK  [0m] Started System Logging Service.
[[0;32m  OK  [0m] Started Permit User Sessions.
[[0;32m  OK  [0m] Started OpenBSD Secure Shell server.
         Starting Authorization Manager...
         Starting Hold until boot process finishes up...
         Starting Terminate Plymouth Boot Screen...
         Starting Wait until snapd is fully seeded...
[[0;32m  OK  [0m] Started Hold until boot process finishes up.
[[0;32m  OK  [0m] Started Terminate Plymouth Boot Screen.
         Starting Set console scheme...
[[0;32m  OK  [0m] Started Serial Getty on ttyS0.
[[0;32m  OK  [0m] Started LSB: automatic crash report generation.
[[0;32m  OK  [0m] Started Authorization Manager.
[[0;32m  OK  [0m] Started Set console scheme.
[[0;32m  OK  [0m] Started LSB: Record successful boot for GRUB.
[[0;32m  OK  [0m] Started Wait until snapd is fully seeded.
[[0;32m  OK  [0m] Started Accounts Service.
[[0;32m  OK  [0m] Started LXD - container startup/shutdown.
[[0;32m  OK  [0m] Started vboxadd.service.
[[0;32m  OK  [0m] Created slice User Slice of vagrant.
         Starting vboxadd-service.service...
         Starting Apply the settings specified in cloud-config...
[[0;32m  OK  [0m] Created slice system-getty.slice.
[[0;32m  OK  [0m] Started Getty on tty1.
[[0;32m  OK  [0m] Reached target Login Prompts.
[[0;32m  OK  [0m] Started Dispatcher daemon for systemd-networkd.
[[0;32m  OK  [0m] Started vboxadd-service.service.
         Starting User Manager for UID 1000...
[[0;32m  OK  [0m] Reached target Multi-User System.
[[0;32m  OK  [0m] Reached target Graphical Interface.
         Starting Update UTMP about System Runlevel Changes...
[[0;32m  OK  [0m] Started Session 1 of user vagrant.
[[0;32m  OK  [0m] Started User Manager for UID 1000.
[[0;32m  OK  [0m] Started Update UTMP about System Runlevel Changes.
[   47.140113] cloud-init[1216]: Cloud-init v. 19.4-33-gbb4131a2-0ubuntu1~18.04.1 running 'modules:config' at Mon, 06 Apr 2020 04:44:58 +0000. Up 46.99 seconds.
[[0;32m  OK  [0m] Started Apply the settings specified in cloud-config.
         Starting Execute cloud user/final scripts...
[   47.850583] cloud-init[1341]: Cloud-init v. 19.4-33-gbb4131a2-0ubuntu1~18.04.1 running 'modules:final' at Mon, 06 Apr 2020 04:44:59 +0000. Up 47.69 seconds.
[[   47.968763] cloud-init[1341]: Cloud-init v. 19.4-33-gbb4131a2-0ubuntu1~18.04.1 finished at Mon, 06 Apr 2020 04:44:59 +0000. Datasource DataSourceNoCloud [seed=/dev/sdb][dsmode=net].  Up 47.84 seconds
[0;32m  OK  [0m] Started Execute cloud user/final scripts.
[[0;32m  OK  [0m] Reached target Cloud-init target.

Ubuntu 18.04.4 LTS ubuntu-bionic ttyS0

ubuntu-bionic login: 